// Jest Snapshot v1, https://goo.gl/fbAQLP

exports[`cdk-deletion-protection snapshot 1`] = `
Object {
  "Parameters": Object {
    "AssetParameters501b56884b5970eb66e5eb6ba2f489d9456188836fd49044647e94a28a0ac2cfArtifactHash6EE8789B": Object {
      "Description": "Artifact hash for asset \\"501b56884b5970eb66e5eb6ba2f489d9456188836fd49044647e94a28a0ac2cf\\"",
      "Type": "String",
    },
    "AssetParameters501b56884b5970eb66e5eb6ba2f489d9456188836fd49044647e94a28a0ac2cfS3Bucket334043A5": Object {
      "Description": "S3 bucket for asset \\"501b56884b5970eb66e5eb6ba2f489d9456188836fd49044647e94a28a0ac2cf\\"",
      "Type": "String",
    },
    "AssetParameters501b56884b5970eb66e5eb6ba2f489d9456188836fd49044647e94a28a0ac2cfS3VersionKey45E8602E": Object {
      "Description": "S3 key for asset version \\"501b56884b5970eb66e5eb6ba2f489d9456188836fd49044647e94a28a0ac2cf\\"",
      "Type": "String",
    },
  },
  "Resources": Object {
    "AWS679f53fac002430cb0da5b7982bd22872D164C4C": Object {
      "DependsOn": Array [
        "AWS679f53fac002430cb0da5b7982bd2287ServiceRoleDefaultPolicyD28E1A5E",
        "AWS679f53fac002430cb0da5b7982bd2287ServiceRoleC1EA0FF2",
      ],
      "Properties": Object {
        "Code": Object {
          "S3Bucket": Object {
            "Ref": "AssetParameters501b56884b5970eb66e5eb6ba2f489d9456188836fd49044647e94a28a0ac2cfS3Bucket334043A5",
          },
          "S3Key": Object {
            "Fn::Join": Array [
              "",
              Array [
                Object {
                  "Fn::Select": Array [
                    0,
                    Object {
                      "Fn::Split": Array [
                        "||",
                        Object {
                          "Ref": "AssetParameters501b56884b5970eb66e5eb6ba2f489d9456188836fd49044647e94a28a0ac2cfS3VersionKey45E8602E",
                        },
                      ],
                    },
                  ],
                },
                Object {
                  "Fn::Select": Array [
                    1,
                    Object {
                      "Fn::Split": Array [
                        "||",
                        Object {
                          "Ref": "AssetParameters501b56884b5970eb66e5eb6ba2f489d9456188836fd49044647e94a28a0ac2cfS3VersionKey45E8602E",
                        },
                      ],
                    },
                  ],
                },
              ],
            ],
          },
        },
        "Handler": "index.handler",
        "Role": Object {
          "Fn::GetAtt": Array [
            "AWS679f53fac002430cb0da5b7982bd2287ServiceRoleC1EA0FF2",
            "Arn",
          ],
        },
        "Runtime": "nodejs12.x",
        "Timeout": 120,
      },
      "Type": "AWS::Lambda::Function",
    },
    "AWS679f53fac002430cb0da5b7982bd2287ServiceRoleC1EA0FF2": Object {
      "Properties": Object {
        "AssumeRolePolicyDocument": Object {
          "Statement": Array [
            Object {
              "Action": "sts:AssumeRole",
              "Effect": "Allow",
              "Principal": Object {
                "Service": "lambda.amazonaws.com",
              },
            },
          ],
          "Version": "2012-10-17",
        },
        "ManagedPolicyArns": Array [
          Object {
            "Fn::Join": Array [
              "",
              Array [
                "arn:",
                Object {
                  "Ref": "AWS::Partition",
                },
                ":iam::aws:policy/service-role/AWSLambdaBasicExecutionRole",
              ],
            ],
          },
        ],
      },
      "Type": "AWS::IAM::Role",
    },
    "AWS679f53fac002430cb0da5b7982bd2287ServiceRoleDefaultPolicyD28E1A5E": Object {
      "Properties": Object {
        "PolicyDocument": Object {
          "Statement": Array [
            Object {
              "Action": "cloudformation:UpdateTerminationProtection",
              "Effect": "Allow",
              "Resource": "*",
            },
          ],
          "Version": "2012-10-17",
        },
        "PolicyName": "AWS679f53fac002430cb0da5b7982bd2287ServiceRoleDefaultPolicyD28E1A5E",
        "Roles": Array [
          Object {
            "Ref": "AWS679f53fac002430cb0da5b7982bd2287ServiceRoleC1EA0FF2",
          },
        ],
      },
      "Type": "AWS::IAM::Policy",
    },
    "InvalidCDKDeletionProtectionUpdateTerminationProtectionA84119A2": Object {
      "DeletionPolicy": "Delete",
      "Properties": Object {
        "Create": Object {
          "action": "updateTerminationProtection",
          "parameters": Object {
            "EnableTerminationProtection": "TRUE:BOOLEAN",
            "StackName": "Test",
          },
          "physicalResourceId": "1566592070148",
          "service": "CloudFormation",
        },
        "ServiceToken": Object {
          "Fn::GetAtt": Array [
            "AWS679f53fac002430cb0da5b7982bd22872D164C4C",
            "Arn",
          ],
        },
        "Update": Object {
          "action": "updateTerminationProtection",
          "parameters": Object {
            "EnableTerminationProtection": "TRUE:BOOLEAN",
            "StackName": "Test",
          },
          "physicalResourceId": "1566592070148",
          "service": "CloudFormation",
        },
      },
      "Type": "Custom::AWS",
      "UpdateReplacePolicy": "Delete",
    },
    "PolicyResource": Object {
      "DeletionPolicy": "Retain",
      "Type": "Test::Resource::ValidPolicy",
      "UpdateReplacePolicy": "Retain",
    },
  },
}
`;
