// Jest Snapshot v1, https://goo.gl/fbAQLP

exports[`cdk-deletion-protection snapshot 1`] = `
Object {
  "Resources": Object {
    "BoilerplateCloudTrail36F79572": Object {
      "DependsOn": Array [
        "BoilerplateCloudTrailBucketPolicy252E08F5",
      ],
      "Properties": Object {
        "EnableLogFileValidation": true,
        "EventSelectors": Array [],
        "IncludeGlobalServiceEvents": true,
        "IsLogging": true,
        "IsMultiRegionTrail": true,
        "S3BucketName": Object {
          "Ref": "BoilerplateCloudTrailBucket754399BE",
        },
      },
      "Type": "AWS::CloudTrail::Trail",
    },
    "BoilerplateCloudTrailBucket754399BE": Object {
      "DeletionPolicy": "Retain",
      "Properties": Object {
        "BucketName": "test-bucket",
      },
      "Type": "AWS::S3::Bucket",
      "UpdateReplacePolicy": "Retain",
    },
    "BoilerplateCloudTrailBucketPolicy252E08F5": Object {
      "Properties": Object {
        "Bucket": Object {
          "Ref": "BoilerplateCloudTrailBucket754399BE",
        },
        "PolicyDocument": Object {
          "Statement": Array [
            Object {
              "Action": "s3:GetBucketAcl",
              "Effect": "Allow",
              "Principal": Object {
                "Service": "cloudtrail.amazonaws.com",
              },
              "Resource": Object {
                "Fn::GetAtt": Array [
                  "BoilerplateCloudTrailBucket754399BE",
                  "Arn",
                ],
              },
            },
            Object {
              "Action": "s3:PutObject",
              "Condition": Object {
                "StringEquals": Object {
                  "s3:x-amz-acl": "bucket-owner-full-control",
                },
              },
              "Effect": "Allow",
              "Principal": Object {
                "Service": "cloudtrail.amazonaws.com",
              },
              "Resource": Object {
                "Fn::Join": Array [
                  "",
                  Array [
                    Object {
                      "Fn::GetAtt": Array [
                        "BoilerplateCloudTrailBucket754399BE",
                        "Arn",
                      ],
                    },
                    "/AWSLogs/123456789012/*",
                  ],
                ],
              },
            },
          ],
          "Version": "2012-10-17",
        },
      },
      "Type": "AWS::S3::BucketPolicy",
    },
  },
}
`;
