// Jest Snapshot v1, https://goo.gl/fbAQLP

exports[`cdk-deletion-protection snapshot 1`] = `
Object {
  "Description": "Builds a CI/CD platform that publishes cdk modules to a private npm registry",
  "Resources": Object {
    "ComponentBuildProject876E06DD": Object {
      "Properties": Object {
        "Artifacts": Object {
          "Type": "NO_ARTIFACTS",
        },
        "BadgeEnabled": true,
        "Description": "NewEraCode Component CodeBuild Project",
        "Environment": Object {
          "ComputeType": "BUILD_GENERAL1_SMALL",
          "EnvironmentVariables": Array [
            Object {
              "Name": "NODE_ENV",
              "Type": "PLAINTEXT",
              "Value": "development",
            },
            Object {
              "Name": "NODE_OPTIONS",
              "Type": "PLAINTEXT",
              "Value": "--max-old-space-size=4096",
            },
            Object {
              "Name": "NPM_CONFIG_LOGLEVEL",
              "Type": "PLAINTEXT",
              "Value": "error",
            },
            Object {
              "Name": "NPM_CONFIG_PRODUCTION",
              "Type": "PLAINTEXT",
              "Value": "false",
            },
            Object {
              "Name": "NPM_TOKEN",
              "Type": "PARAMETER_STORE",
              "Value": "/TOKENS/CODEBUILD/ReadWriteNpmToken",
            },
            Object {
              "Name": "YARN_PRODUCTION",
              "Type": "PLAINTEXT",
              "Value": "false",
            },
          ],
          "Image": "aws/codebuild/standard:1.0",
          "PrivilegedMode": false,
          "Type": "LINUX_CONTAINER",
        },
        "Name": "CDKComponents",
        "ServiceRole": Object {
          "Fn::GetAtt": Array [
            "ComponentBuildProjectRoleECF20D25",
            "Arn",
          ],
        },
        "Source": Object {
          "Location": "https://github.com/NewEraCodeRepo/nec-cdk-components.git",
          "ReportBuildStatus": true,
          "Type": "GITHUB",
        },
        "Tags": Array [
          Object {
            "Key": "Project",
            "Value": "CDKComponents",
          },
        ],
        "Triggers": Object {
          "FilterGroups": Array [
            Array [
              Object {
                "Pattern": "PUSH",
                "Type": "EVENT",
              },
              Object {
                "Pattern": "refs/heads/develop",
                "Type": "HEAD_REF",
              },
            ],
          ],
          "Webhook": true,
        },
      },
      "Type": "AWS::CodeBuild::Project",
    },
    "ComponentBuildProjectRoleDefaultPolicy08D1D242": Object {
      "Properties": Object {
        "PolicyDocument": Object {
          "Statement": Array [
            Object {
              "Action": Array [
                "logs:CreateLogGroup",
                "logs:CreateLogStream",
                "logs:PutLogEvents",
              ],
              "Effect": "Allow",
              "Resource": Array [
                Object {
                  "Fn::Join": Array [
                    "",
                    Array [
                      "arn:",
                      Object {
                        "Ref": "AWS::Partition",
                      },
                      ":logs:us-east-1:123456789012:log-group:/aws/codebuild/",
                      Object {
                        "Ref": "ComponentBuildProject876E06DD",
                      },
                    ],
                  ],
                },
                Object {
                  "Fn::Join": Array [
                    "",
                    Array [
                      "arn:",
                      Object {
                        "Ref": "AWS::Partition",
                      },
                      ":logs:us-east-1:123456789012:log-group:/aws/codebuild/",
                      Object {
                        "Ref": "ComponentBuildProject876E06DD",
                      },
                      ":*",
                    ],
                  ],
                },
              ],
            },
            Object {
              "Action": Array [
                "ssm:DescribeParameters",
                "ssm:GetParameters",
                "ssm:GetParameter",
                "ssm:GetParameterHistory",
              ],
              "Effect": "Allow",
              "Resource": Object {
                "Fn::Join": Array [
                  "",
                  Array [
                    "arn:",
                    Object {
                      "Ref": "AWS::Partition",
                    },
                    ":ssm:us-east-1:123456789012:parameter/TOKENS/CODEBUILD/ReadWriteNpmToken",
                  ],
                ],
              },
            },
          ],
          "Version": "2012-10-17",
        },
        "PolicyName": "ComponentBuildProjectRoleDefaultPolicy08D1D242",
        "Roles": Array [
          Object {
            "Ref": "ComponentBuildProjectRoleECF20D25",
          },
        ],
      },
      "Type": "AWS::IAM::Policy",
    },
    "ComponentBuildProjectRoleECF20D25": Object {
      "Properties": Object {
        "AssumeRolePolicyDocument": Object {
          "Statement": Array [
            Object {
              "Action": "sts:AssumeRole",
              "Effect": "Allow",
              "Principal": Object {
                "Service": "codebuild.amazonaws.com",
              },
            },
          ],
          "Version": "2012-10-17",
        },
        "Tags": Array [
          Object {
            "Key": "Project",
            "Value": "CDKComponents",
          },
        ],
      },
      "Type": "AWS::IAM::Role",
    },
  },
}
`;
