// Jest Snapshot v1, https://goo.gl/fbAQLP

exports[`cdk-static-site snapshot 1`] = `
Object {
  "Resources": Object {
    "StaticWebsiteSiteAliasRecord5B5BAA80": Object {
      "Properties": Object {
        "AliasTarget": Object {
          "DNSName": Object {
            "Fn::GetAtt": Array [
              "StaticWebsiteSiteDistributionCFDistributionCF168A59",
              "DomainName",
            ],
          },
          "HostedZoneId": "Z2FDTNDATAQYW2",
        },
        "HostedZoneId": "DUMMY",
        "Name": "example.domain.com.",
        "Type": "A",
      },
      "Type": "AWS::Route53::RecordSet",
    },
    "StaticWebsiteSiteBucket57CB7A59": Object {
      "DeletionPolicy": "Retain",
      "Properties": Object {
        "BucketName": "test-bucket",
        "WebsiteConfiguration": Object {
          "ErrorDocument": "error.html",
          "IndexDocument": "index.html",
        },
      },
      "Type": "AWS::S3::Bucket",
      "UpdateReplacePolicy": "Retain",
    },
    "StaticWebsiteSiteBucketPolicyF2353F67": Object {
      "Properties": Object {
        "Bucket": Object {
          "Ref": "StaticWebsiteSiteBucket57CB7A59",
        },
        "PolicyDocument": Object {
          "Statement": Array [
            Object {
              "Action": "s3:GetObject",
              "Effect": "Allow",
              "Principal": "*",
              "Resource": Object {
                "Fn::Join": Array [
                  "",
                  Array [
                    Object {
                      "Fn::GetAtt": Array [
                        "StaticWebsiteSiteBucket57CB7A59",
                        "Arn",
                      ],
                    },
                    "/*",
                  ],
                ],
              },
            },
          ],
          "Version": "2012-10-17",
        },
      },
      "Type": "AWS::S3::BucketPolicy",
    },
    "StaticWebsiteSiteDistributionCFDistributionCF168A59": Object {
      "Properties": Object {
        "DistributionConfig": Object {
          "Aliases": Array [
            "example.domain.com",
          ],
          "DefaultCacheBehavior": Object {
            "AllowedMethods": Array [
              "GET",
              "HEAD",
            ],
            "CachedMethods": Array [
              "GET",
              "HEAD",
            ],
            "Compress": true,
            "ForwardedValues": Object {
              "Cookies": Object {
                "Forward": "none",
              },
              "QueryString": false,
            },
            "TargetOriginId": "origin1",
            "ViewerProtocolPolicy": "redirect-to-https",
          },
          "DefaultRootObject": "index.html",
          "Enabled": true,
          "HttpVersion": "http2",
          "IPV6Enabled": true,
          "Origins": Array [
            Object {
              "DomainName": Object {
                "Fn::GetAtt": Array [
                  "StaticWebsiteSiteBucket57CB7A59",
                  "RegionalDomainName",
                ],
              },
              "Id": "origin1",
              "S3OriginConfig": Object {},
            },
          ],
          "PriceClass": "PriceClass_100",
          "ViewerCertificate": Object {
            "AcmCertificateArn": "arn:aws:acm:us-east-1:123456789012:certificate/955290e7-e7e5-47b1-9077-b84e7dc1747a",
            "MinimumProtocolVersion": "TLSv1.1_2016",
            "SslSupportMethod": "sni-only",
          },
        },
      },
      "Type": "AWS::CloudFront::Distribution",
    },
  },
}
`;
